// Jest Snapshot v1, https://goo.gl/fbAQLP

exports[`Util: string formatPhone should create tel link 1`] = `ShallowWrapper {}`;

exports[`Util: string formatPhone should create tel link 2`] = `ShallowWrapper {}`;

exports[`Util: string formatPhone should create tel link 3`] = `ShallowWrapper {}`;
